// Jest Snapshot v1, https://goo.gl/fbAQLP

exports[`App snapshot renders 1`] = `
<div
  className="l-mainWrap"
>
  <div>
    <h1>
      LOADING PARTS
    </h1>
  </div>
</div>
`;
